虽然已经解决了建立新积分方法的首要问题
建立了较一般集上的测度理论
后面我们将称具有这种性质的函数为可测函数
下面引入可测函数的概念
可测函数的有限可加性
几乎处处收敛函数列的控制收敛定理
证明积分与极限交换顺序
再举一些控制收敛定理的应用
读者自己也可以列举并加以证明
所以这两个函数几乎处处相等      
今天也是好天气
又在偷懒吗
直到你的希望熄灭为止
非常新鲜非常美味
一飞冲天啊我
这就是我们的奇迹
如果奇迹有颜色那一定是橙色
董先生连任好不好啊
中央已经决定了
这个世界太乱
你为什么这么熟练啊
明明是我先来的
感受火焰之地的愤怒
终于来了个有前途的家伙
严格审核借款人还款能力
从严防控信贷风险
离婚一年内贷款人贷款按二套房执行
根据今年的政府工作报告
取消或停征的涉及个人等事项的行政事业性收费包括
中俄侦察船在韩国附近盯梢美航母
美军方称不承认中国东海防空识别区
主场作战的中国队率先发起进攻
古代智人从东非起源后一路走到了地球上所有大陆
中国国家队战胜韩国国家队
情人节快乐
比起你年轻时的美丽
我更爱你现在备受摧残的容颜
多年以后
当他面对行刑队的时候
依然会想起那个
父亲带他见识冰块的遥远的下午
她是罪恶之光
欲念之火
一起在荒岛上等待星辰
黄昏与月光一同升起来
午后太阳下的阴影
美女与野兽
清明节快来了
恰似那朵莲花不胜凉风的娇羞
你存在在我的存在
你挥霍了我的崇拜
清华大学计算机科学与技术系
智能技术与系统国家重点实验室
你为什么来晚了
今天晚上有好看的电影
北京奥运会开幕式非常精彩
全国人民代表大会在北京人民大会堂隆重召开
金庸的武侠小说非常精彩
你的世界会变得更精彩
深度学习技术推动了人工智能的发展
在天安门广场举行了隆重的阅兵式
逻辑代数有些常用的基本公式
请大家选择你觉得可以的时间
具有良好的沟通能力和交流能力
人在阅读时是从左到右逐字读入的
减少课程的课时是十分科学的
对染色体人工合成的工作给予了高度评价
先统计大量真实语料中各个词出现的概率
课程分为线上慕课和线下导修两部分
那为什么这么早就提出了
有没有别的人选呢
每人至少提供十个句子
当然我们的决定权也是很重要的
就做了一点微小的工作
就是用鸭嘴笔把这个水弄到里面
这个报告经过好几百个教授一致通过
我也没有什么别的东西送给你们
你媒体本身也要判断
还是要提高自己的知识水平
也为了广大合法用户的正当权益
特朗普希望不久和中国国家主席面对面会晤
我们聊得很开心
他养了一只青蛙当宠物
我戴着一副黑框眼镜
他钢琴弹得不错
小朋友们都喜欢去郊游
这个玩具很有趣
他很生气
青蛙是从蝌蚪变来的
他游历西方各国
光在这么长的时间里可以跑三十万公里
这是世界上最好的编程语言
耳机的价格是音响的三倍
香港是最繁华的大都市之一
香港的记者擅长跑步
广东的人口数量位居全国第一
良好的编码习惯很重要
中国是人民民主专政的社会主义国家
我们的目标是全面建成小康社会
深度神经网络对计算资源的消耗很大
并行化是提高计算速度的方法之一
比你们不知高到哪里去了
有一位著名的公司老板数学不好不会数数
你好世界
认真你就输了
我和我的小伙伴们都惊呆了
越过长城走向世界
现已加入肯德基豪华午餐
我从未见过有如此厚颜无耻之人
我是说在座的各位都是垃圾
臣妾做不到啊
本站立足于美利坚合众国对全球华人服务受北美法律保护
你们城里人真会玩
想要一直爱着某物的话
以妖怪之死来说太长了
想要实现一切梦想的话
以人类之生来说太短了
贯彻爱与真实的邪恶
可爱又迷人的反派角色
野生的计算机出现了
我见过你们人类未曾看到的事
我看到战舰在猎户座的边缘被击中起火
而这一切都终将逝去
就像泪水消失在雨中
毛巾是星际旅行者的必备物品
这是人类的落日
比希望更炽热
比绝望更深沉
已经没有什么好怕的了
我日日夜夜都在思念着你
朋友的情义比天还高比地还辽阔
那些岁月我们一定会记得
就像阳光穿过黑夜
黎明悄悄划过天边
谁的身影穿梭轮回间
未来的路就在脚下
不要悲伤不要害怕
充满信心期盼着明天
新的风暴已经出现
怎么能够停滞不前
穿越时空竭尽全力
我会来到你身边
微笑面对危险
梦想成真不再遥远
鼓起勇气坚定向前
奇迹一定会出现
又劳心费神地使它们看似轻松
北京的房价是否在透支年轻人的创造力
人为什么要睡觉
听说测试集是要自己使用的
每人提供至少十个句子
过深难度的数学课会影响物理思维的发展
培养了坚定的意志磨练了自己的勇气
走出清华大学特色的世界一流大学道路
请点击下面的链接
数学分析本身就是难学的
钱除了不能起死回生之外是万能的
自动化和经管属于同一个招生大类
我说这把游戏已经结束了
新观众可能不相信
我家住在黄土高坡
我是卖报的小行家
猫是最萌的动物
斧王战死沙场
金子是优良的导体
这个地方好像可以聊天呢
进入白学现场
看见一个打死一个
我已经失去了理智
战斗开始
每天回家都会看到我老婆在装死
系统对于人们来说并不是一个陌生的名词
未来的社会是信息化的社会
我有一个苹果
我有一根笔
皮皮虾我们走
今天天气很好
我们去散步吧
我们是风
我们是电
我们是橘红色的火焰
我们是钢
我们是铁
我们是永不倒的泰山
人工智能必将打败人类
不管你们信不信
反正我不信
人群当中钻出来一个光头
你会挽着我的衣袖
我会把手揣进裤兜
南方的小镇阴雨的冬天没有北方冷
他是我的父亲
她是我的母亲
它是我的狗狗
为了方便大家测试自己的拼音输入法的性能
请大家一起建立一个测试样例集
样例集只用于大家自己测试用
每人提供至少十个句子
欢迎各位同学来到人工智能导论课堂
大家在学习中有什么问题
可以各种方式随时联系我
也可以充分利用网络学堂进行各种讨论
马少平老师如是说
共享单车展现了人们的道德素质
这些照片看了之后会颠覆你的三观
我真的好想再活五百年
如果祖国受到了侵犯
热血男儿当自强
喝完了这杯家乡的酒
壮士一去不复返
人工智能的实质是人工智障
同学们下午好
今天有几十万同学迟到了
大家可能不知道
我们宿舍的灯坏了
每天晚上过了七点就跟午夜一样
很难受不舒服
暗杀是自然的规则
在钻石的天空下起舞
为我奏一曲
我尚未入眠
且无处可归
我学习一些开车的姿势
我练功发自真心
网络连接中断
微积分是学不好的
单身狗你好啊
我爱学习学习是我快乐
让我们一起来玩吧
学好微积分
这周六系运会
天天干活好苦逼
我不知道中午吃什么
今晚不熬夜
明天早起
毛泽东思想与社会主义概论
很多人参与了词条编辑
人工智能是一门有趣的课程
大作业要写不完了
计算机系没有系馆
辣条是一种有名的小吃
起来饥寒交迫的奴隶
起来全世界受苦的人
满腔的热血已经沸腾
要为真理而斗争
旧世界打个落花流水
奴隶们起来起来
不要说我们一无所有
我们要做天下的主人
这是最后的斗争
团结起来到明天
上面是谁把国际歌都贴出来了
那我要不要贴一首国歌呢
算了还是不贴了
抄袭可耻
这位同学请注意
上面的那首国际歌
是默写出来的呢
所以不要说什么抄袭啦
那我该说点啥
人文是冠军
工业工程是冠军
人文和工业工程必将会师决赛
贵系六字班很强
所以我们一定能保级
历史的车轮在碾过
我们将往何处去
波浪式前进
螺旋式上升
世上只有一种英雄主义
发现了生活的真相
依然热爱它
楼下是谁啊
该输的要输啊
到底还差多少啊
真的很难写有没有
丢雷楼某
正在前往努巴尼
北海公园南真好玩
弱小和无知不是生存的障碍
请立刻停止答题
今天也要怨气满满哦
你以为你以为的就是你以为的
人群当中钻出来一个光头
上面这句少了两个字突然
乘客您好欢迎乘坐北京地铁四号线列车
列车运行前方开往天宫苑站
请手持车票通过闸机
国家图书馆站是换乘车站
上车的乘客请往里走
请携带好随身的行李物品
感谢您选择北京地铁出行
欢迎您再次乘坐地铁六号线列车
乘车过程中请坐稳扶好不要手扶车门
请在屏蔽门完全打开后从右侧下车
请注意换乘列车的首末班车时间
请为需要帮助的乘客让个座
现在客流较大列车比较拥挤
下车乘客请及早准备抓紧下车
局限于传统的翻译研究层面
对司法裁判官而言
由于家境贫寒
质朴而优美
有限状态自动机
主题团日怎么办
卷积神经网络用于医疗影像识别
告诉我你想要做什么
位于美国加利福尼亚州旧金山湾的阿尔卡特拉斯岛上的联邦监狱遭到废止
为了抗议苏联入侵阿富汗
美国总统吉米卡特宣布美国将抵制于莫斯科举办的夏季奥林匹克运动会
柔毛猪笼草是婆罗洲加里曼丹特有的热带食虫植物
德国社会民主党选举前欧洲议会议长马丁舒尔茨担任党魁
我看到你们了
没有人能躲过我的眼睛
第几个才是你老伴
充分开发指令并行性
存储器的层次结构
我的奴仆是不朽的
我们今天的内容更多关注的是这里
清华大学是一所好学校
清华大学的人工智能导论课程十分的有趣
一些厂商会在某种意义上改进性能的影响
这个网站很强
能遇见你真的很幸运
其实早在军训的时候就被你吸引了
能够和你在一起已经别无所求
我爱你
真相永远只有一个
在离这很远的地方
有一片海滩
孤独的人他就在海上
撑着船帆
如果你看到他回到海岸
就请你告诉他你的名字
我的名字
这个输入法很强
安装具有复杂电子控制系统的现代制导武器代替过去相对简单而笨重的火炮系统
各大城市路边排满各种颜色的共享单车
他在儿童宗教班耗掉了一个星期时光
飞艇又以近地空间浮空器的形式东山再起
国际抗癌联盟和世界卫生组织看到全球癌症发病率和死亡率急剧上升
在广播电台播出一档节目
拟于本周末安排一次习题课
我们将挑选人最多的一个时间
其他散选的同学可自行分组
计算机是一门有趣的学科
人与人之间的信任在哪里
人与人之间最基本的信任呢
你尽管分类这十句话分对了算我输
林则徐有一句名言呀
我到河北省来
妨碍咱的渣渣
你们这是自寻死路
我也是一个广东人
所以我们是老乡
我要搞死你呀
本站记者跑得快
